// Jest Snapshot v1, https://goo.gl/fbAQLP

exports[`Character Form component should exist 1`] = `
<div>
  <div>
    <div
      class="d-flex align-items-center justify-content-between"
    >
      <div>
        <h3
          class="m-0 d-inline"
        >
          Update data
        </h3>
      </div>
      <div
        class="d-none d-sm-block"
      >
        <button
          class="btn btn-primary"
          data-testid="save-computer"
        >
          Save
        </button>
        <button
          class="btn btn-secondary"
          data-testid="cancel-computer"
          style="margin-left: 10px;"
        >
          Cancel
        </button>
      </div>
    </div>
    <hr />
    <div>
      <div
        class="form-group"
      >
        <label>
          Name
        </label>
        <input
          class="form-control"
          data-testid="name-input"
          type="text"
          value=""
        />
      </div>
      <div
        class="form-group"
      >
        <label>
          Description
        </label>
        <textarea
          class="form-control"
          data-testid="description-input"
        >
          Description unavailable.
        </textarea>
      </div>
      <div
        class="d-sm-none"
        style="padding-bottom: 20px;"
      >
        <button
          class="btn btn-primary"
          data-testid="save-mobile"
        >
          Save
        </button>
        <button
          class="btn btn-secondary"
          data-testid="cancel-mobile"
          style="margin-left: 10px;"
        >
          Cancel
        </button>
      </div>
    </div>
  </div>
</div>
`;
